Client error, department name not given. || Time: 14:09:18
